[dotenv@17.2.3] injecting env (18) from .env -- tip: ÔÜÖ´©Å  enable debug logging with { debug: true }
­ƒÜÇ Starting Stress Test on Apify Actors...

--- ­ƒÄÁ TikTok Actor Test ---
[36mtiktok-scraper runId:azUYAhaS24mVgWThR -> [39m2026-01-31T13:02:03.411Z ACTOR: Pulling container image of build OESFROo5PFHmGpB8v from registry.
[36mtiktok-scraper runId:azUYAhaS24mVgWThR -> [39m2026-01-31T13:02:03.413Z ACTOR: Creating container.
[36mtiktok-scraper runId:azUYAhaS24mVgWThR -> [39m2026-01-31T13:02:03.576Z ACTOR: Starting container.
[36mtiktok-scraper runId:azUYAhaS24mVgWThR -> [39m2026-01-31T13:02:03.577Z ACTOR: Running under "LIMITED_PERMISSIONS" permission level.
[36mtiktok-scraper runId:azUYAhaS24mVgWThR -> [39m2026-01-31T13:02:03.823Z Will run command: xvfb-run -a -s "-ac -screen 0 1920x1080x24+32 -nolisten tcp" /bin/sh -c bash -c "    java         --enable-native-access=ALL-UNNAMED         -cp classes-test:classes-main:lib/*         com.zhiliaoapp.musically.MetaSec         > /dev/null &     node dist/entrypoint.js "
[36mtiktok-scraper runId:azUYAhaS24mVgWThR -> [39m2026-01-31T13:02:05.243Z [32mINFO[39m  System info[90m {"apifyVersion":"3.5.2","apifyClientVersion":"2.20.0","crawleeVersion":"3.15.3","osType":"Linux","nodeVersion":"v20.20.0"}[39m
[36mtiktok-scraper runId:azUYAhaS24mVgWThR -> [39m2026-01-31T13:02:06.859Z [32mINFO[39m [33m CheerioCrawler:[39m Starting the crawler.
[36mtiktok-scraper runId:azUYAhaS24mVgWThR -> [39m2026-01-31T13:02:08.139Z [32mINFO[39m  [POST] Starting the post scrape.  --- https://www.tiktok.com/@h0ney229/video/7195017787113295130
[36mtiktok-scraper runId:azUYAhaS24mVgWThR -> [39m2026-01-31T13:02:17.760Z [33mWARN[39m  Failed to query for author stats for user h0ney229: Failed to parse TikTok response: Unexpected end of JSON input --- https://www.tiktok.com/@h0ney229/video/7195017787113295130
[36mtiktok-scraper runId:azUYAhaS24mVgWThR -> [39m2026-01-31T13:02:17.878Z [32mINFO[39m  [POST] Post scraped successfully.  --- https://www.tiktok.com/@h0ney229/video/7195017787113295130
[36mtiktok-scraper runId:azUYAhaS24mVgWThR -> [39m2026-01-31T13:02:17.970Z [32mINFO[39m [33m CheerioCrawler:[39m All requests from the queue have been processed, the crawler will shut down.
[36mtiktok-scraper runId:azUYAhaS24mVgWThR -> [39m2026-01-31T13:02:18.163Z [32mINFO[39m [33m CheerioCrawler:[39m Final request statistics:[90m {"requestsFinished":1,"requestsFailed":0,"retryHistogram":[1],"requestAvgFailedDurationMillis":null,"requestAvgFinishedDurationMillis":11015,"requestsFinishedPerMinute":5,"requestsFailedPerMinute":0,"requestTotalDurationMillis":11015,"requestsTotal":1,"crawlerRuntimeMillis":11929}[39m
[36mtiktok-scraper runId:azUYAhaS24mVgWThR -> [39m2026-01-31T13:02:18.164Z [32mINFO[39m [33m CheerioCrawler:[39m Finished! Total 1 requests: 1 succeeded, 0 failed.[90m {"terminal":true}[39m
[36mtiktok-scraper runId:azUYAhaS24mVgWThR -> [39m2026-01-31T13:02:18.165Z [32mINFO[39m  [Status message]: Scraped 1/1 detail pages
[36mtiktok-scraper runId:azUYAhaS24mVgWThR -> [39m2026-01-31T13:02:18.291Z [32mINFO[39m  [Status message]: Scraped 1/1 detail pages
Ô£à TikTok Data Received
­ƒôì item.input value: undefined
­ƒôì item.webVideoUrl: https://www.tiktok.com/@h0ney229/video/7195017787113295130
­ƒôì videoMeta: Exists
­ƒôì videoMeta.coverUrl: https://p19-common-sign-useastred.tiktokcdn-eu.com/tos-useast2a-p-0037-aiso/2bee266850f54015b8be629c3950cf2e_1675220635~tplv-tiktokx-origin.image?dr=10395&x-expires=1770037200&x-signature=oXVTWvuaQLpqVtjS7%2FBSvYI2lgE%3D&t=4d5b0474&ps=13740610&shp=81f88b70&shcp=43f4a2f9&idc=no1a
­ƒôì playCount: 2800000
­ƒôì diggCount: 187900
­ƒôì shareCount: 23700
­ƒôì commentCount: 2870
­ƒôì Keys available: id, text, textLanguage, createTime, createTimeISO, locationCreated, isAd, authorMeta, musicMeta, webVideoUrl, mediaUrls, commentsDatasetUrl, videoMeta, diggCount, shareCount, playCount, collectCount, commentCount, repostCount, mentions, detailedMentions, hashtags, effectStickers, isSlideshow, isPinned, isSponsored, submittedVideoUrl

--- ­ƒô© Instagram Reels Actor Test ---
[36minstagram-reel-scraper runId:koRjfHYfsKm4WLjJs -> [39m2026-01-31T13:02:19.282Z ACTOR: Pulling container image of build lU7UgehhrV9FWANz5 from registry.
[36minstagram-reel-scraper runId:koRjfHYfsKm4WLjJs -> [39m2026-01-31T13:02:19.284Z ACTOR: Creating container.
[36minstagram-reel-scraper runId:koRjfHYfsKm4WLjJs -> [39m2026-01-31T13:02:19.348Z ACTOR: Starting container.
[36minstagram-reel-scraper runId:koRjfHYfsKm4WLjJs -> [39m2026-01-31T13:02:19.349Z ACTOR: Running under "LIMITED_PERMISSIONS" permission level.
[36minstagram-reel-scraper runId:koRjfHYfsKm4WLjJs -> [39m2026-01-31T13:02:20.840Z [32mINFO[39m  System info[90m {"apifyVersion":"3.5.3","apifyClientVersion":"2.19.0","crawleeVersion":"3.15.3","osType":"Linux","nodeVersion":"v22.21.1"}[39m
[36minstagram-reel-scraper runId:koRjfHYfsKm4WLjJs -> [39m2026-01-31T13:02:21.076Z [32mINFO[39m  Starting Apify client's scheduler[90m {"clientName":"CLIENT"}[39m
[36minstagram-reel-scraper runId:koRjfHYfsKm4WLjJs -> [39m2026-01-31T13:02:21.083Z [33mWARN[39m  includeSharesCount is not supported for free users
[36minstagram-reel-scraper runId:koRjfHYfsKm4WLjJs -> [39m2026-01-31T13:02:21.084Z [33mWARN[39m  [Status message]: includeSharesCount is not supported for free users
[36minstagram-reel-scraper runId:koRjfHYfsKm4WLjJs -> [39m2026-01-31T13:02:21.094Z [32mINFO[39m  Results Limit [object Object], ACTOR_MAX_PAID_DATASET_ITEMS
[36minstagram-reel-scraper runId:koRjfHYfsKm4WLjJs -> [39m2026-01-31T13:02:21.150Z [32mINFO[39m  [Status message]: Starting the scraper with 1 direct URL(s)
[36minstagram-reel-scraper runId:koRjfHYfsKm4WLjJs -> [39m2026-01-31T13:02:21.378Z [32mINFO[39m [33m CheerioCrawler:[39m Starting the crawler.
[36minstagram-reel-scraper runId:koRjfHYfsKm4WLjJs -> [39m2026-01-31T13:02:26.167Z [32mINFO[39m [33m CheerioCrawler:[39m All requests from the queue have been processed, the crawler will shut down.
[36minstagram-reel-scraper runId:koRjfHYfsKm4WLjJs -> [39m2026-01-31T13:02:26.334Z [32mINFO[39m [33m CheerioCrawler:[39m Final request statistics:[90m {"requestsFinished":1,"requestsFailed":0,"retryHistogram":[1],"requestAvgFailedDurationMillis":null,"requestAvgFinishedDurationMillis":4633,"requestsFinishedPerMinute":12,"requestsFailedPerMinute":0,"requestTotalDurationMillis":4633,"requestsTotal":1,"crawlerRuntimeMillis":5179}[39m
[36minstagram-reel-scraper runId:koRjfHYfsKm4WLjJs -> [39m2026-01-31T13:02:26.335Z [32mINFO[39m [33m CheerioCrawler:[39m Finished! Total 1 requests: 1 succeeded, 0 failed.[90m {"terminal":true}[39m
[36minstagram-reel-scraper runId:koRjfHYfsKm4WLjJs -> [39m2026-01-31T13:02:26.336Z [32mINFO[39m  [Status message]: Scraper finished
[36minstagram-reel-scraper runId:koRjfHYfsKm4WLjJs -> [39m2026-01-31T13:02:26.448Z [32mINFO[39m  Stopping Apify client's scheduler[90m {"clientName":"CLIENT"}[39m
Ô£à Instagram Data Received
­ƒôì item.url: https://www.instagram.com/p/DUJJ1W1iS-P/
­ƒôì videoPlayCount: 2866441
­ƒôì displayUrl (thumbnail): https://scontent-lga3-1.cdninstagram.com/v/t51.2885-15/625627108_2280479725697346_8975959696848213648_n.jpg?stp=dst-jpg_e15_tt6&_nc_ht=scontent-lga3-1.cdninstagram.com&_nc_cat=1&_nc_oc=Q6cZ2QFeMwdcDRjJj1EQZOn-39ZwfC4lrmszA6HyKvcnGv22Baa5IXZBOuBBlCFe2dyzYPk&_nc_ohc=N8QFAQL4KaUQ7kNvwESTGFu&_nc_gid=bUqourCZrt8Ufe3BXMkvUw&edm=APs17CUBAAAA&ccb=7-5&oh=00_AfvL7weWULu5qQVvbaDIZAwsATZNPZsur9L0ZzVqSwhF-w&oe=6983C7E3&_nc_sid=10d13b
­ƒôì likesCount: 96884
­ƒôì commentsCount: 724
­ƒôì Keys available: inputUrl, id, type, shortCode, caption, hashtags, mentions, url, commentsCount, firstComment, latestComments, dimensionsHeight, dimensionsWidth, displayUrl, images, videoUrl, audioUrl, alt, likesCount, videoViewCount, videoPlayCount, timestamp, childPosts, ownerFullName, ownerUsername, ownerId, productType, videoDuration, musicInfo, isCommentsDisabled

--- ­ƒøæ Test Complete ---
